[debug] [2026-02-10T04:18:27.702Z] ----------------------------------------------------------------------
[debug] [2026-02-10T04:18:27.705Z] Command:       /Users/mac/.nvm/versions/node/v20.17.0/bin/node /usr/local/bin/firebase login
[debug] [2026-02-10T04:18:27.705Z] CLI Version:   14.26.0
[debug] [2026-02-10T04:18:27.705Z] Platform:      darwin
[debug] [2026-02-10T04:18:27.705Z] Node Version:  v20.17.0
[debug] [2026-02-10T04:18:27.705Z] Time:          Tue Feb 10 2026 11:18:27 GMT+0700 (Western Indonesia Time)
[debug] [2026-02-10T04:18:27.705Z] ----------------------------------------------------------------------
[debug] 
[debug] [2026-02-10T04:18:27.706Z] >>> [apiv2][query] GET https://firebase-public.firebaseio.com/cli.json [none]
[info] Already logged in as quaneisha.syifa@gmail.com
[debug] [2026-02-10T04:18:34.139Z] Error: Timed out.
    at Timeout.<anonymous> (/usr/local/lib/node_modules/firebase-tools/lib/utils.js:275:49)
    at listOnTimeout (node:internal/timers:581:17)
    at process.processTimers (node:internal/timers:519:7)
[error] 
[error] Error: An unexpected error has occurred.
[debug] [2026-02-10T04:18:35.597Z] ----------------------------------------------------------------------
[debug] [2026-02-10T04:18:35.599Z] Command:       /Users/mac/.nvm/versions/node/v20.17.0/bin/node /usr/local/bin/firebase init
[debug] [2026-02-10T04:18:35.599Z] CLI Version:   14.26.0
[debug] [2026-02-10T04:18:35.600Z] Platform:      darwin
[debug] [2026-02-10T04:18:35.600Z] Node Version:  v20.17.0
[debug] [2026-02-10T04:18:35.600Z] Time:          Tue Feb 10 2026 11:18:35 GMT+0700 (Western Indonesia Time)
[debug] [2026-02-10T04:18:35.600Z] ----------------------------------------------------------------------
[debug] 
[debug] [2026-02-10T04:18:35.601Z] >>> [apiv2][query] GET https://firebase-public.firebaseio.com/cli.json [none]
[info] 
     ######## #### ########  ######## ########     ###     ######  ########
     ##        ##  ##     ## ##       ##     ##  ##   ##  ##       ##
     ######    ##  ########  ######   ########  #########  ######  ######
     ##        ##  ##    ##  ##       ##     ## ##     ##       ## ##
     ##       #### ##     ## ######## ########  ##     ##  ######  ########

You're about to initialize a Firebase project in this directory:

  /Users/mac/Documents/calendar

[debug] [2026-02-10T04:18:36.175Z] <<< [apiv2][status] GET https://firebase-public.firebaseio.com/cli.json 200
[debug] [2026-02-10T04:18:36.176Z] <<< [apiv2][body] GET https://firebase-public.firebaseio.com/cli.json {"cloudBuildErrorAfter":1594252800000,"cloudBuildWarnAfter":1590019200000,"defaultNode10After":1594252800000,"minVersion":"3.0.5","node8DeploysDisabledAfter":1613390400000,"node8RuntimeDisabledAfter":1615809600000,"node8WarnAfter":1600128000000}
[info] 
=== Project Setup
[info] 
[info] First, let's associate this project directory with a Firebase project.
[info] You can create multiple project aliases by running firebase use --add, 
[info] 
